# serializer version: 1
# name: TestArticleManager.test_export
  '''
  [
    [
      {
        "article_authors": "[\"Author 1\", \"Author 2\"]",
        "article_comments": "[\"A comment\"]",
        "article_content": "",
        "article_content_type": "text/html",
        "article_date_published": "2024-06-23T12:00:00+00:00",
        "article_date_updated": "2024-06-23T12:00:00+00:00",
        "article_id": 1,
        "article_is_favorite": true,
        "article_lang": "",
        "article_read_at": "2024-06-25T12:00:00+00:00",
        "article_tags": "[]",
        "article_title": "Article from feed",
        "article_url": "https://example.com/article/feed-article/",
        "category_id": null,
        "category_title": "",
        "feed_id": 2,
        "feed_site_url": "https://example.com",
        "feed_title": "Feed without category",
        "feed_url": "https://example.com/feeds/without_cat.xml",
        "group_description": "",
        "group_id": "",
        "group_tags": "[]",
        "group_title": ""
      },
      {
        "article_authors": "",
        "article_comments": "[]",
        "article_content": "",
        "article_content_type": "text/html",
        "article_date_published": "2024-06-23T12:00:00+00:00",
        "article_date_updated": "2024-06-23T12:00:00+00:00",
        "article_id": 2,
        "article_is_favorite": false,
        "article_lang": "",
        "article_read_at": "",
        "article_tags": "[]",
        "article_title": "Article with 2 feeds",
        "article_url": "https://example.com/article/multiple-feeds-article/",
        "category_id": 1,
        "category_title": "Feed category",
        "feed_id": 1,
        "feed_site_url": "https://example.com",
        "feed_title": "Feed with category",
        "feed_url": "https://example.com/feeds/with_cat.xml",
        "group_description": "",
        "group_id": "",
        "group_tags": "[]",
        "group_title": ""
      }
    ],
    [
      {
        "article_authors": "",
        "article_comments": "[]",
        "article_content": "",
        "article_content_type": "text/html",
        "article_date_published": "2024-06-23T12:00:00+00:00",
        "article_date_updated": "2024-06-23T12:00:00+00:00",
        "article_id": 3,
        "article_is_favorite": true,
        "article_lang": "",
        "article_read_at": "",
        "article_tags": "[]",
        "article_title": "Article",
        "article_url": "https://example.com/article/independant-article/",
        "category_id": "",
        "category_title": "",
        "feed_id": "",
        "feed_site_url": "",
        "feed_title": "",
        "feed_url": "",
        "group_description": "",
        "group_id": "",
        "group_tags": "[]",
        "group_title": ""
      },
      {
        "article_authors": "",
        "article_comments": "[]",
        "article_content": "Content",
        "article_content_type": "text/plain",
        "article_date_published": "2024-06-23T12:00:00+00:00",
        "article_date_updated": "2024-06-23T12:00:00+00:00",
        "article_id": 5,
        "article_is_favorite": false,
        "article_lang": "",
        "article_read_at": "",
        "article_tags": "[]",
        "article_title": "1st article in group",
        "article_url": "https://example.com/article/in-group/",
        "category_id": "",
        "category_title": "",
        "feed_id": "",
        "feed_site_url": "",
        "feed_title": "",
        "feed_url": "",
        "group_description": "A group",
        "group_id": 1,
        "group_tags": "[]",
        "group_title": "Group"
      }
    ],
    [
      {
        "article_authors": "",
        "article_comments": "[]",
        "article_content": "Content",
        "article_content_type": "text/plain",
        "article_date_published": "2024-06-23T12:00:00+00:00",
        "article_date_updated": "2024-06-23T12:00:00+00:00",
        "article_id": 4,
        "article_is_favorite": false,
        "article_lang": "",
        "article_read_at": "",
        "article_tags": "[]",
        "article_title": "2nd article in group",
        "article_url": "https://example.com/article/in-group2/",
        "category_id": "",
        "category_title": "",
        "feed_id": "",
        "feed_site_url": "",
        "feed_title": "",
        "feed_url": "",
        "group_description": "A group",
        "group_id": 1,
        "group_tags": "[]",
        "group_title": "Group"
      }
    ]
  ]
  
  '''
# ---
