# serializer version: 1
# name: TestFeedManager.test_export
  '''
  [
    {
      "category_id": "",
      "category_title": "",
      "feed_id": 1,
      "feed_site_url": "https://example.com",
      "feed_title": "Default feed",
      "feed_url": "https://example.com/feeds/atom.exsiting.xml"
    },
    {
      "category_id": 1,
      "category_title": "Some category",
      "feed_id": 2,
      "feed_site_url": "https://example.com",
      "feed_title": "Feed with category",
      "feed_url": "https://example.com/feeds/with_category.xml"
    }
  ]
  
  '''
# ---
