# serializer version: 1
# name: test_import_custom_csv[articles]
  '''
  [
    {
      "annotations": [],
      "authors": [],
      "content": "",
      "content_type": "text/plain",
      "contributors": [],
      "external_article_id": "",
      "external_tags": [],
      "group_order": 0,
      "is_favorite": false,
      "is_for_later": false,
      "is_read": false,
      "language": "",
      "main_source_title": "",
      "main_source_type": "FEED",
      "opened_at": null,
      "preview_picture_alt": "",
      "preview_picture_url": "",
      "published_at": "2024-05-17T13:00:00Z",
      "read_at": null,
      "reading_time": 0,
      "slug": "existing-article",
      "summary": "",
      "table_of_content": [],
      "title": "Existing article",
      "updated_at": "2024-05-17T13:00:00Z",
      "url": "https://example.com/article/existing",
      "was_opened": false
    },
    {
      "annotations": [],
      "authors": [],
      "content": "Watch out for\n                <span>\nnasty tricks</span>",
      "content_type": "application/xhtml+xml",
      "contributors": [],
      "external_article_id": "http://example.org/entry/3",
      "external_tags": [],
      "group_order": 0,
      "is_favorite": false,
      "is_for_later": false,
      "is_read": false,
      "language": "",
      "main_source_title": "Sample Feed",
      "main_source_type": "FEED",
      "opened_at": null,
      "preview_picture_alt": "",
      "preview_picture_url": "",
      "published_at": "2002-09-05T00:00:01Z",
      "read_at": null,
      "reading_time": 0,
      "slug": "first-entry-title",
      "summary": "Watch out for nasty tricks",
      "table_of_content": [],
      "title": "First entry title",
      "updated_at": "2005-11-09T11:56:34Z",
      "url": "http://example.org/entry/3",
      "was_opened": false
    },
    {
      "annotations": [],
      "authors": [
        "author"
      ],
      "content": "<p>Test content</p>",
      "content_type": "text/html",
      "contributors": [],
      "external_article_id": "custom_csv:439",
      "external_tags": [
        "tag1"
      ],
      "group_order": 0,
      "is_favorite": false,
      "is_for_later": false,
      "is_read": true,
      "language": "fr",
      "main_source_title": "example.com",
      "main_source_type": "MANUAL",
      "opened_at": null,
      "preview_picture_alt": "",
      "preview_picture_url": "",
      "published_at": "2017-05-21T20:46:00Z",
      "read_at": "2017-09-26T06:53:00.022Z",
      "reading_time": 0,
      "slug": "article-3",
      "summary": "<p>Test content</p>",
      "table_of_content": [],
      "title": "Article 3",
      "updated_at": "2024-05-03T19:46:15Z",
      "url": "https://example.com/article/3",
      "was_opened": false
    },
    {
      "annotations": [],
      "authors": [],
      "content": "",
      "content_type": "text/plain",
      "contributors": [],
      "external_article_id": "https://example.com/articles/with-tags",
      "external_tags": [
        "Other tag",
        "Tag"
      ],
      "group_order": 0,
      "is_favorite": false,
      "is_for_later": false,
      "is_read": false,
      "language": "en",
      "main_source_title": "Sample Feed",
      "main_source_type": "FEED",
      "opened_at": null,
      "preview_picture_alt": "",
      "preview_picture_url": "",
      "published_at": null,
      "read_at": null,
      "reading_time": 0,
      "slug": "with-tags",
      "summary": "Super article with tags",
      "table_of_content": [],
      "title": "With tags",
      "updated_at": null,
      "url": "https://example.com/articles/with-tags",
      "was_opened": false
    },
    {
      "annotations": [],
      "authors": [
        "author"
      ],
      "content": "<p>Test content </p>",
      "content_type": "text/html",
      "contributors": [],
      "external_article_id": "custom_csv:440",
      "external_tags": [],
      "group_order": 0,
      "is_favorite": false,
      "is_for_later": false,
      "is_read": true,
      "language": "en_US",
      "main_source_title": "Sample Feed",
      "main_source_type": "FEED",
      "opened_at": null,
      "preview_picture_alt": "",
      "preview_picture_url": "",
      "published_at": "2017-05-21T20:46:00Z",
      "read_at": "2017-09-26T06:53:00.022Z",
      "reading_time": 0,
      "slug": "article-4",
      "summary": "<p>Test content </p>",
      "table_of_content": [],
      "title": "Article 4",
      "updated_at": "2024-05-03T19:46:15Z",
      "url": "https://example.com/article/4",
      "was_opened": false
    },
    {
      "annotations": [],
      "authors": [
        "author"
      ],
      "content": "<p>Test content</p>",
      "content_type": "text/html",
      "contributors": [],
      "external_article_id": "custom_csv:441",
      "external_tags": [
        "tag1"
      ],
      "group_order": 0,
      "is_favorite": false,
      "is_for_later": false,
      "is_read": true,
      "language": "",
      "main_source_title": "example.com",
      "main_source_type": "MANUAL",
      "opened_at": null,
      "preview_picture_alt": "",
      "preview_picture_url": "",
      "published_at": "2017-05-21T20:46:00Z",
      "read_at": "2017-09-26T06:53:00.022Z",
      "reading_time": 0,
      "slug": "article-5",
      "summary": "<p>Test content</p>",
      "table_of_content": [],
      "title": "Article 5",
      "updated_at": "2024-05-03T19:46:15Z",
      "url": "https://example.com/article/5",
      "was_opened": false
    },
    {
      "annotations": [],
      "authors": [
        "author"
      ],
      "content": "<p>Test content</p>",
      "content_type": "text/html",
      "contributors": [],
      "external_article_id": "custom_csv:442",
      "external_tags": [],
      "group_order": 0,
      "is_favorite": false,
      "is_for_later": false,
      "is_read": false,
      "language": "",
      "main_source_title": "example.com",
      "main_source_type": "MANUAL",
      "opened_at": null,
      "preview_picture_alt": "",
      "preview_picture_url": "",
      "published_at": "2017-05-21T20:46:00Z",
      "read_at": null,
      "reading_time": 0,
      "slug": "article-6",
      "summary": "<p>Test content</p>",
      "table_of_content": [],
      "title": "Article 6",
      "updated_at": "2024-05-03T19:46:15Z",
      "url": "https://example.com/article/6",
      "was_opened": false
    },
    {
      "annotations": [],
      "authors": [
        "author"
      ],
      "content": "<p>Test content</p>",
      "content_type": "text/html",
      "contributors": [],
      "external_article_id": "custom_csv:444",
      "external_tags": [],
      "group_order": 0,
      "is_favorite": true,
      "is_for_later": false,
      "is_read": true,
      "language": "",
      "main_source_title": "example.com",
      "main_source_type": "MANUAL",
      "opened_at": null,
      "preview_picture_alt": "",
      "preview_picture_url": "",
      "published_at": "2017-05-21T20:46:00Z",
      "read_at": "2017-09-26T06:53:00.022Z",
      "reading_time": 0,
      "slug": "article-7",
      "summary": "<p>Test content</p>",
      "table_of_content": [],
      "title": "Article 7",
      "updated_at": "2020-10-04T19:00:19.463Z",
      "url": "https://example.com/article/7",
      "was_opened": false
    },
    {
      "annotations": [],
      "authors": [],
      "content": "",
      "content_type": "text/plain",
      "contributors": [],
      "external_article_id": "custom_csv:",
      "external_tags": [],
      "group_order": 1,
      "is_favorite": false,
      "is_for_later": false,
      "is_read": false,
      "language": "",
      "main_source_title": "example.com",
      "main_source_type": "MANUAL",
      "opened_at": null,
      "preview_picture_alt": "",
      "preview_picture_url": "",
      "published_at": null,
      "read_at": null,
      "reading_time": 0,
      "slug": "article-10",
      "summary": "",
      "table_of_content": [],
      "title": "Article 10",
      "updated_at": null,
      "url": "https://example.com/article/10",
      "was_opened": false
    },
    {
      "annotations": [],
      "authors": [],
      "content": "<p>Test content</p>",
      "content_type": "text/html",
      "contributors": [],
      "external_article_id": "custom_csv:500",
      "external_tags": [],
      "group_order": 1,
      "is_favorite": false,
      "is_for_later": false,
      "is_read": false,
      "language": "",
      "main_source_title": "example.com",
      "main_source_type": "MANUAL",
      "opened_at": null,
      "preview_picture_alt": "",
      "preview_picture_url": "",
      "published_at": null,
      "read_at": null,
      "reading_time": 0,
      "slug": "article-11",
      "summary": "<p>Test content</p>",
      "table_of_content": [],
      "title": "Article 11",
      "updated_at": null,
      "url": "https://example.com/article/11",
      "was_opened": false
    }
  ]
  
  '''
# ---
# name: test_import_custom_csv[feed_categories]
  '''
  [
    {
      "slug": "existing-category",
      "title": "Existing category"
    },
    {
      "slug": "category-1",
      "title": "Category 1"
    },
    {
      "slug": "p-category-4-p",
      "title": "<p>Category 4</p>"
    }
  ]
  
  '''
# ---
# name: test_import_custom_csv[feeds]
  '''
  [
    {
      "article_retention_time": 0,
      "category__title": "Existing category",
      "description": "",
      "disabled_at": null,
      "disabled_reason": "",
      "enabled": true,
      "feed_type": "rss",
      "feed_url": "https://example.com/existing.xml",
      "open_original_url_by_default": false,
      "refresh_delay": "DAILY_AT_NOON",
      "site_url": "https://example.com",
      "slug": "existing-feed",
      "title": "Existing feed"
    },
    {
      "article_retention_time": 0,
      "category__title": null,
      "description": "For documentation only",
      "disabled_at": null,
      "disabled_reason": "",
      "enabled": true,
      "feed_type": "rss20",
      "feed_url": "https://example.com/rss2.xml",
      "open_original_url_by_default": false,
      "refresh_delay": "DAILY_AT_NOON",
      "site_url": "http://example.org/",
      "slug": "sample-feed",
      "title": "Sample Feed"
    },
    {
      "article_retention_time": 0,
      "category__title": "<p>Category 4</p>",
      "description": "For documentation only",
      "disabled_at": null,
      "disabled_reason": "",
      "enabled": true,
      "feed_type": "atom10",
      "feed_url": "https://example.com/rss4.xml",
      "open_original_url_by_default": false,
      "refresh_delay": "DAILY_AT_NOON",
      "site_url": "http://example.org/",
      "slug": "sample-feed",
      "title": "Sample Feed"
    },
    {
      "article_retention_time": 0,
      "category__title": null,
      "description": "",
      "disabled_at": "2024-05-17T13:00:00Z",
      "disabled_reason": "Failed to reach feed URL while importing from custom CSV.",
      "enabled": false,
      "feed_type": "rss",
      "feed_url": "https://example.com/rss8.xml",
      "open_original_url_by_default": false,
      "refresh_delay": "DAILY_AT_NOON",
      "site_url": "https://example8.com/",
      "slug": "feed-8",
      "title": "Feed 8"
    }
  ]
  
  '''
# ---
